C_COUNT |CUSTDIST |
--------------------
    0    |   248   |
    1    |    2    |