CNTRYCODE | NUMCUST |TOTACCTBAL |
----------------------------------
    13     |    4    | 31291.41  |
    17     |    1    |  9127.27  |
    18     |    4    | 28425.90  |
    23     |    4    | 34376.26  |
    29     |    6    | 47485.92  |
    30     |    6    | 47618.84  |
    31     |    3    | 23599.11  |