L_RETURNFLAG |L_LINESTATUS | SUM_QTY  |SUM_BASE_PRICE |SUM_DISC_PRICE |   SUM_CHARGE    | AVG_QTY | AVG_PRICE |AVG_DISC | COUNT_ORDER |
---------------------------------------------------------------------------------------------------------------------------------------
      A      |      F      |61005.00  |  91965103.29  | 87343869.8990 | 90764553.157934 | 25.1775 |37955.0571 | 0.0506  |    2423     |
      N      |      F      | 1852.00  |  2839903.89   | 2719994.3983  | 2822487.704927  | 26.4571 |40570.0556 | 0.0474  |     70      |
      N      |      O      |126051.00 | 189260169.42  |179875847.5270 |187157649.084481 | 25.6985 |38585.1518 | 0.0502  |    4905     |
      R      |      F      |61949.00  |  92009471.64  | 87407269.1603 | 90947361.007013 | 25.7477 |38241.6757 | 0.0500  |    2406     |